DVA creation error: HTTPSConnectionPool(host='api.paystack.co', port=443): Max retries exceeded with url: /dedicated_account/assign (Caused by NameResolutionError("<urllib3.connection.HTTPSConnection object at 0x000001AEE7257B60>: Failed to resolve 'api.paystack.co' ([Errno 11001] getaddrinfo failed)"))
DVA creation error: HTTPSConnectionPool(host='api.paystack.co', port=443): Max retries exceeded with url: /dedicated_account/assign (Caused by NameResolutionError("<urllib3.connection.HTTPSConnection object at 0x0000024452FB81A0>: Failed to resolve 'api.paystack.co' ([Errno 11001] getaddrinfo failed)"))
DVA creation error: 401 Client Error: Unauthorized for url: https://api.paystack.co/dedicated_account/assign
DVA creation error: 401 Client Error: Unauthorized for url: https://api.paystack.co/dedicated_account/assign
DVA creation error: HTTPSConnectionPool(host='api.paystack.co', port=443): Max retries exceeded with url: /dedicated_account/assign (Caused by NameResolutionError("<urllib3.connection.HTTPSConnection object at 0x0000026504F6F380>: Failed to resolve 'api.paystack.co' ([Errno 11001] getaddrinfo failed)"))
DVA creation error: HTTPSConnectionPool(host='api.paystack.co', port=443): Max retries exceeded with url: /dedicated_account/assign (Caused by NameResolutionError("<urllib3.connection.HTTPSConnection object at 0x000002650516CF50>: Failed to resolve 'api.paystack.co' ([Errno 11001] getaddrinfo failed)"))
DVA creation error: HTTPSConnectionPool(host='api.paystack.co', port=443): Max retries exceeded with url: /dedicated_account/assign (Caused by NameResolutionError("<urllib3.connection.HTTPSConnection object at 0x000002650516DD10>: Failed to resolve 'api.paystack.co' ([Errno 11001] getaddrinfo failed)"))
DVA creation error: HTTPSConnectionPool(host='api.paystack.co', port=443): Max retries exceeded with url: /dedicated_account/assign (Caused by NameResolutionError("<urllib3.connection.HTTPSConnection object at 0x000002650516E350>: Failed to resolve 'api.paystack.co' ([Errno 11001] getaddrinfo failed)"))
DVA creation error: HTTPSConnectionPool(host='api.paystack.co', port=443): Max retries exceeded with url: /dedicated_account/assign (Caused by NameResolutionError("<urllib3.connection.HTTPSConnection object at 0x0000026504F9EC10>: Failed to resolve 'api.paystack.co' ([Errno 11001] getaddrinfo failed)"))
DVA creation error: HTTPSConnectionPool(host='api.paystack.co', port=443): Max retries exceeded with url: /dedicated_account/assign (Caused by NameResolutionError("<urllib3.connection.HTTPSConnection object at 0x00000265051179D0>: Failed to resolve 'api.paystack.co' ([Errno 11001] getaddrinfo failed)"))
DVA creation error: HTTPSConnectionPool(host='api.paystack.co', port=443): Max retries exceeded with url: /dedicated_account/assign (Caused by NameResolutionError("<urllib3.connection.HTTPSConnection object at 0x0000026505117390>: Failed to resolve 'api.paystack.co' ([Errno 11001] getaddrinfo failed)"))
DVA creation error: HTTPSConnectionPool(host='api.paystack.co', port=443): Max retries exceeded with url: /dedicated_account/assign (Caused by NameResolutionError("<urllib3.connection.HTTPSConnection object at 0x0000026505116710>: Failed to resolve 'api.paystack.co' ([Errno 11001] getaddrinfo failed)"))
DVA creation error: HTTPSConnectionPool(host='api.paystack.co', port=443): Max retries exceeded with url: /dedicated_account/assign (Caused by NameResolutionError("<urllib3.connection.HTTPSConnection object at 0x0000026505116490>: Failed to resolve 'api.paystack.co' ([Errno 11001] getaddrinfo failed)"))
DVA creation error: 401 Client Error: Unauthorized for url: https://api.paystack.co/dedicated_account/assign
DVA creation error: ('Connection aborted.', RemoteDisconnected('Remote end closed connection without response'))
DVA creation error: 401 Client Error: Unauthorized for url: https://api.paystack.co/dedicated_account/assign
DVA creation error: ('Connection aborted.', ConnectionResetError(10054, 'An existing connection was forcibly closed by the remote host', None, 10054, None))
DVA creation error: HTTPSConnectionPool(host='api.paystack.co', port=443): Max retries exceeded with url: /dedicated_account/assign (Caused by NameResolutionError("<urllib3.connection.HTTPSConnection object at 0x0000026505116710>: Failed to resolve 'api.paystack.co' ([Errno 11001] getaddrinfo failed)"))
DVA creation error: HTTPSConnectionPool(host='api.paystack.co', port=443): Max retries exceeded with url: /dedicated_account/assign (Caused by NameResolutionError("<urllib3.connection.HTTPSConnection object at 0x00000265051174D0>: Failed to resolve 'api.paystack.co' ([Errno 11001] getaddrinfo failed)"))
DVA creation error: HTTPSConnectionPool(host='api.paystack.co', port=443): Max retries exceeded with url: /dedicated_account/assign (Caused by NameResolutionError("<urllib3.connection.HTTPSConnection object at 0x0000026505117890>: Failed to resolve 'api.paystack.co' ([Errno 11001] getaddrinfo failed)"))
DVA creation error: 401 Client Error: Unauthorized for url: https://api.paystack.co/dedicated_account/assign
DVA creation error: 401 Client Error: Unauthorized for url: https://api.paystack.co/dedicated_account/assign
DVA creation error: 401 Client Error: Unauthorized for url: https://api.paystack.co/dedicated_account/assign
DVA creation error: HTTPSConnectionPool(host='api.paystack.co', port=443): Max retries exceeded with url: /dedicated_account/assign (Caused by NameResolutionError("<urllib3.connection.HTTPSConnection object at 0x0000026504F9E490>: Failed to resolve 'api.paystack.co' ([Errno 11001] getaddrinfo failed)"))
DVA creation error: HTTPSConnectionPool(host='api.paystack.co', port=443): Max retries exceeded with url: /dedicated_account/assign (Caused by NameResolutionError("<urllib3.connection.HTTPSConnection object at 0x00000265051179D0>: Failed to resolve 'api.paystack.co' ([Errno 11001] getaddrinfo failed)"))
DVA creation error: 401 Client Error: Unauthorized for url: https://api.paystack.co/dedicated_account/assign
DVA creation error: 401 Client Error: Unauthorized for url: https://api.paystack.co/dedicated_account/assign
DVA creation error: 401 Client Error: Unauthorized for url: https://api.paystack.co/dedicated_account/assign
DVA creation error: 401 Client Error: Unauthorized for url: https://api.paystack.co/dedicated_account/assign
DVA creation error: 401 Client Error: Unauthorized for url: https://api.paystack.co/dedicated_account/assign
DVA creation error: 401 Client Error: Unauthorized for url: https://api.paystack.co/dedicated_account/assign
DVA creation error: 401 Client Error: Unauthorized for url: https://api.paystack.co/dedicated_account/assign
DVA creation error: 401 Client Error: Unauthorized for url: https://api.paystack.co/dedicated_account/assign
DVA creation error: 401 Client Error: Unauthorized for url: https://api.paystack.co/dedicated_account/assign
DVA creation error: 401 Client Error: Unauthorized for url: https://api.paystack.co/dedicated_account/assign
DVA creation error: 401 Client Error: Unauthorized for url: https://api.paystack.co/dedicated_account/assign
DVA creation error: 401 Client Error: Unauthorized for url: https://api.paystack.co/dedicated_account/assign
DVA creation error: 401 Client Error: Unauthorized for url: https://api.paystack.co/dedicated_account/assign
DVA creation error: 401 Client Error: Unauthorized for url: https://api.paystack.co/dedicated_account/assign
DVA creation error: 401 Client Error: Unauthorized for url: https://api.paystack.co/dedicated_account/assign
DVA creation error: 401 Client Error: Unauthorized for url: https://api.paystack.co/dedicated_account/assign
DVA creation error: 401 Client Error: Unauthorized for url: https://api.paystack.co/dedicated_account/assign
DVA creation error: 401 Client Error: Unauthorized for url: https://api.paystack.co/dedicated_account/assign
DVA creation error: 401 Client Error: Unauthorized for url: https://api.paystack.co/dedicated_account/assign
DVA creation error: 401 Client Error: Unauthorized for url: https://api.paystack.co/dedicated_account/assign
DVA creation error: 401 Client Error: Unauthorized for url: https://api.paystack.co/dedicated_account/assign
Paystack init error: 401 Client Error: Unauthorized for url: https://api.paystack.co/transaction/initialize, Response: {"status":false,"message":"Invalid key","meta":{"nextStep":"Ensure that you provide the correct authorization key for the request"},"type":"validation_error","code":"invalid_Key"}
DVA creation error: 401 Client Error: Unauthorized for url: https://api.paystack.co/dedicated_account/assign
Paystack init error: 401 Client Error: Unauthorized for url: https://api.paystack.co/transaction/initialize, Response: {"status":false,"message":"Invalid key","meta":{"nextStep":"Ensure that you provide the correct authorization key for the request"},"type":"validation_error","code":"invalid_Key"}
Creating Monnify reserved account with payload: {'accountReference': 'subzone-olaide', 'accountName': 'olaide', 'currencyCode': 'NGN', 'contractCode': '2643173169', 'customerEmail': 'oderinubasit@gmail.com', 'customeName': 'olaide', 'preferredBanks': ['WEMA_BANK']}
Creating Monnify reserved account with payload: {'accountReference': 'subzone-olaide', 'accountName': 'olaide', 'currencyCode': 'NGN', 'contractCode': '2643173169', 'customerEmail': 'oderinubasit@gmail.com', 'customeName': 'olaide', 'preferredBanks': ['WEMA_BANK']}
Creating Monnify reserved account with payload: {'accountReference': 'subzone-olaide', 'accountName': 'olaide', 'currencyCode': 'NGN', 'contractCode': '2643173169', 'customerEmail': 'oderinubasit@gmail.com', 'customeName': 'olaide', 'preferredBanks': ['WEMA_BANK']}
Monnify Reserved account error: HTTPSConnectionPool(host='sandbox.monnify.com', port=443): Max retries exceeded with url: /api/v1/bank-accounts/reserved (Caused by SSLError(SSLEOFError(8, '[SSL: UNEXPECTED_EOF_WHILE_READING] EOF occurred in violation of protocol (_ssl.c:1028)'))), Response: No response
Creating Monnify reserved account with payload: {'accountReference': 'subzone-olaide', 'accountName': 'olaide', 'currencyCode': 'NGN', 'contractCode': '2643173169', 'customerEmail': 'oderinubasit@gmail.com', 'customeName': 'olaide', 'preferredBanks': ['WEMA_BANK']}
Monnify reserved account Http error: 401 Client Error: Unauthorized for url: https://sandbox.monnify.com/api/v1/bank-accounts/reserved, Response: {"error":"unauthorized","error_description":"Full authentication is required to access this resource"}
Creating Monnify reserved account with payload: {'accountReference': 'subzone-olaide', 'accountName': 'olaide', 'currencyCode': 'NGN', 'contractCode': '2643173169', 'customerEmail': 'oderinubasit@gmail.com', 'customeName': 'olaide', 'preferredBanks': ['WEMA_BANK']}
Monnify reserved account Http error: 401 Client Error: Unauthorized for url: https://sandbox.monnify.com/api/v1/bank-accounts/reserved, Response: {"error":"unauthorized","error_description":"Full authentication is required to access this resource"}
Creating Monnify reserved account with payload: {'accountReference': 'subzone-olaide', 'accountName': 'olaide', 'currencyCode': 'NGN', 'contractCode': '2643173169', 'customerEmail': 'oderinubasit@gmail.com', 'customeName': 'olaide', 'preferredBanks': ['WEMA_BANK']}
Monnify Reserved account error: HTTPSConnectionPool(host='sandbox.monnify.com', port=443): Max retries exceeded with url: /api/v1/bank-accounts/reserved (Caused by SSLError(SSLEOFError(8, '[SSL: UNEXPECTED_EOF_WHILE_READING] EOF occurred in violation of protocol (_ssl.c:1028)'))), Response: No response
Creating Monnify reserved account with payload: {'accountReference': 'subzone-olaide', 'accountName': 'olaide', 'currencyCode': 'NGN', 'contractCode': '2643173169', 'customerEmail': 'oderinubasit@gmail.com', 'customeName': 'olaide', 'preferredBanks': ['WEMA_BANK']}
Monnify reserved account Http error: 401 Client Error: Unauthorized for url: https://sandbox.monnify.com/api/v1/bank-accounts/reserved, Response: {"error":"unauthorized","error_description":"Full authentication is required to access this resource"}
Creating Monnify reserved account with payload: {'accountReference': 'subzone-olaide', 'accountName': 'olaide', 'currencyCode': 'NGN', 'contractCode': '2643173169', 'customerEmail': 'oderinubasit@gmail.com', 'customeName': 'olaide', 'preferredBanks': ['WEMA_BANK']}
Monnify reserved account Http error: 401 Client Error: Unauthorized for url: https://sandbox.monnify.com/api/v1/bank-accounts/reserved, Response: {"error":"unauthorized","error_description":"Full authentication is required to access this resource"}
Creating Monnify reserved account with payload: {'accountReference': 'subzone-olaide', 'accountName': 'olaide', 'currencyCode': 'NGN', 'contractCode': '2643173169', 'customerEmail': 'oderinubasit@gmail.com', 'customeName': 'olaide', 'preferredBanks': ['WEMA_BANK']}
Monnify reserved account Http error: 401 Client Error: Unauthorized for url: https://sandbox.monnify.com/api/v1/bank-accounts/reserved, Response: {"error":"unauthorized","error_description":"Full authentication is required to access this resource"}
Creating Monnify reserved account with payload: {'accountReference': 'subzone-olaide', 'accountName': 'olaide', 'currencyCode': 'NGN', 'contractCode': '2643173169', 'customerEmail': 'oderinubasit@gmail.com', 'customeName': 'olaide', 'preferredBanks': ['WEMA_BANK']}
Monnify reserved account Http error: 401 Client Error: Unauthorized for url: https://sandbox.monnify.com/api/v1/bank-accounts/reserved, Response: {"error":"unauthorized","error_description":"Full authentication is required to access this resource"}
Creating Monnify reserved account with payload: {'accountReference': 'subzone-olaide', 'accountName': 'olaide', 'currencyCode': 'NGN', 'contractCode': '2643173169', 'customerEmail': 'oderinubasit@gmail.com', 'customeName': 'olaide', 'preferredBanks': ['WEMA_BANK']}
Monnify reserved account Http error: 401 Client Error: Unauthorized for url: https://sandbox.monnify.com/api/v1/bank-accounts/reserved, Response: {"error":"unauthorized","error_description":"Full authentication is required to access this resource"}
Creating Monnify reserved account with payload: {'accountReference': 'subzone-olaide', 'accountName': 'olaide', 'currencyCode': 'NGN', 'contractCode': '2643173169', 'customerEmail': 'oderinubasit@gmail.com', 'customeName': 'olaide', 'preferredBanks': ['WEMA_BANK']}
Monnify reserved account Http error: 401 Client Error: Unauthorized for url: https://sandbox.monnify.com/api/v1/bank-accounts/reserved, Response: {"error":"unauthorized","error_description":"Full authentication is required to access this resource"}
Initializing Monnify payment with payload: {'customerEmail': 'oderinubasit@gmail.com', 'amount': 300.0, 'customerName': 'olaide', 'paymentReference': 'f6e81306-bcbc-4dda-bb20-b79847953506', 'paymentDescription': 'Wallet funding for olaide', 'currencyCode': 'NGN', 'contractCode': '2643173169'}
Monnify init error: 404 Client Error: Not Found for url: https://sandbox.monnify.com/api/v1/merchant/transactions/initiate, Response: {"timestamp":"2025-08-15T05:49:57.660+00:00","status":404,"error":"Not Found","message":"","path":"/api/v1/merchant/transactions/initiate"}
Creating Monnify reserved account with payload: {'accountReference': 'subzone-olaide', 'accountName': 'olaide', 'currencyCode': 'NGN', 'contractCode': '2643173169', 'customerEmail': 'oderinubasit@gmail.com', 'customeName': 'olaide', 'preferredBanks': ['WEMA_BANK']}
Monnify reserved account Http error: 401 Client Error: Unauthorized for url: https://sandbox.monnify.com/api/v1/bank-accounts/reserved, Response: {"error":"unauthorized","error_description":"Full authentication is required to access this resource"}
Creating Monnify reserved account with payload: {'accountReference': 'subzone-olaide', 'accountName': 'olaide', 'currencyCode': 'NGN', 'contractCode': '2643173169', 'customerEmail': 'oderinubasit@gmail.com', 'customeName': 'olaide', 'preferredBanks': ['WEMA_BANK']}
Monnify reserved account Http error: 401 Client Error: Unauthorized for url: https://sandbox.monnify.com/api/v1/bank-accounts/reserved, Response: {"error":"unauthorized","error_description":"Full authentication is required to access this resource"}
Creating Monnify reserved account with payload: {'accountReference': 'subzone-olaide', 'accountName': 'olaide', 'currencyCode': 'NGN', 'contractCode': '2643173169', 'customerEmail': 'oderinubasit@gmail.com', 'customeName': 'olaide', 'preferredBanks': ['WEMA_BANK']}
Monnify reserved account Http error: 401 Client Error: Unauthorized for url: https://sandbox.monnify.com/api/v1/bank-accounts/reserved, Response: {"error":"unauthorized","error_description":"Full authentication is required to access this resource"}
Creating Monnify reserved account with payload: {'accountReference': 'subzone-olaide', 'accountName': 'olaide', 'currencyCode': 'NGN', 'contractCode': '2643173169', 'customerEmail': 'oderinubasit@gmail.com', 'customeName': 'olaide', 'preferredBanks': ['WEMA_BANK']}
Monnify reserved account Http error: 401 Client Error: Unauthorized for url: https://sandbox.monnify.com/api/v1/bank-accounts/reserved, Response: {"error":"unauthorized","error_description":"Full authentication is required to access this resource"}
Creating Monnify reserved account with payload: {'accountReference': 'subzone-olaide', 'accountName': 'olaide', 'currencyCode': 'NGN', 'contractCode': '2643173169', 'customerEmail': 'oderinubasit@gmail.com', 'customeName': 'olaide', 'preferredBanks': ['WEMA_BANK']}
Monnify reserved account Http error: 401 Client Error: Unauthorized for url: https://sandbox.monnify.com/api/v1/bank-accounts/reserved, Response: {"error":"unauthorized","error_description":"Full authentication is required to access this resource"}
Creating Monnify reserved account with payload: {'accountReference': 'subzone-olaide', 'accountName': 'olaide', 'currencyCode': 'NGN', 'contractCode': '2643173169', 'customerEmail': 'oderinubasit@gmail.com', 'customeName': 'olaide', 'preferredBanks': ['WEMA_BANK']}
Monnify reserved account Http error: 401 Client Error: Unauthorized for url: https://sandbox.monnify.com/api/v1/bank-accounts/reserved, Response: {"error":"unauthorized","error_description":"Full authentication is required to access this resource"}
Creating Monnify reserved account with payload: {'accountReference': 'subzone-olaide', 'accountName': 'olaide', 'currencyCode': 'NGN', 'contractCode': '2643173169', 'customerEmail': 'oderinubasit@gmail.com', 'customeName': 'olaide', 'preferredBanks': ['WEMA_BANK']}
Monnify reserved account Http error: 401 Client Error: Unauthorized for url: https://sandbox.monnify.com/api/v1/bank-accounts/reserved, Response: {"error":"unauthorized","error_description":"Full authentication is required to access this resource"}
Creating Monnify reserved account with payload: {'accountReference': 'subzone-olaide', 'accountName': 'olaide', 'currencyCode': 'NGN', 'contractCode': '2643173169', 'customerEmail': 'oderinubasit@gmail.com', 'customeName': 'olaide', 'preferredBanks': ['WEMA_BANK']}
Monnify reserved account Http error: 401 Client Error: Unauthorized for url: https://sandbox.monnify.com/api/v1/bank-accounts/reserved, Response: {"error":"unauthorized","error_description":"Full authentication is required to access this resource"}
Creating Monnify reserved account with payload: {'accountReference': 'subzone-olaide', 'accountName': 'olaide', 'currencyCode': 'NGN', 'contractCode': '2643173169', 'customerEmail': 'oderinubasit@gmail.com', 'customeName': 'olaide', 'preferredBanks': ['WEMA_BANK']}
Monnify reserved account Http error: 401 Client Error: Unauthorized for url: https://sandbox.monnify.com/api/v1/bank-accounts/reserved, Response: {"error":"unauthorized","error_description":"Full authentication is required to access this resource"}
Initializing Monnify payment with payload: {'customerEmail': 'oderinubasit@gmail.com', 'amount': 1000.0, 'customerName': 'olaide', 'paymentReference': '5d25688a-aec9-4cee-a204-c7a9094d7c0c', 'paymentDescription': 'Wallet funding for olaide', 'currencyCode': 'NGN', 'contractCode': '2643173169'}
Monnify init error: 401 Client Error: Unauthorized for url: https://sandbox.monnify.com/api/v1/merchant/transactions/initiate, Response: {
  "requestSuccessful" : false,
  "responseMessage" : "Invalid user credentials supplied.",
  "responseCode" : "99"
}

Creating Monnify reserved account with payload: {'accountReference': 'subzone-olaide', 'accountName': 'olaide', 'currencyCode': 'NGN', 'contractCode': '2643173169', 'customerEmail': 'oderinubasit@gmail.com', 'customeName': 'olaide', 'preferredBanks': ['WEMA_BANK']}
Monnify reserved account Http error: 401 Client Error: Unauthorized for url: https://api.monnify.com/api/v1/bank-accounts/reserved, Response: {"error":"unauthorized","error_description":"Full authentication is required to access this resource"}
Initializing Monnify payment with payload: {'customerEmail': 'oderinubasit@gmail.com', 'amount': 1000.0, 'customerName': 'olaide', 'paymentReference': '33c3a236-ac89-451a-90e0-b26664e39755', 'paymentDescription': 'Wallet funding for olaide', 'currencyCode': 'NGN', 'contractCode': '2643173169'}
Monnify init error: 401 Client Error: Unauthorized for url: https://api.monnify.com/api/v1/merchant/transactions/initiate, Response: {
  "requestSuccessful" : false,
  "responseMessage" : "Invalid user credentials supplied.",
  "responseCode" : "99"
}

Creating Monnify reserved account with payload: {'accountReference': 'subzone-olaide', 'accountName': 'olaide', 'currencyCode': 'NGN', 'contractCode': '2643173169', 'customerEmail': 'oderinubasit@gmail.com', 'customeName': 'olaide', 'preferredBanks': ['WEMA_BANK']}
Monnify reserved account Http error: 401 Client Error: Unauthorized for url: https://api.monnify.com/api/v1/bank-accounts/reserved, Response: {"error":"unauthorized","error_description":"Full authentication is required to access this resource"}
Initializing Monnify payment with payload: {'customerEmail': 'oderinubasit@gmail.com', 'amount': 1000.0, 'customerName': 'olaide', 'paymentReference': 'cda06e0f-4878-4631-9fc9-bc191bad21d2', 'paymentDescription': 'Wallet funding for olaide', 'currencyCode': 'NGN', 'contractCode': '2643173169'}
Monnify init error: 401 Client Error: Unauthorized for url: https://api.monnify.com/api/v1/merchant/transactions/initiate, Response: {
  "requestSuccessful" : false,
  "responseMessage" : "Invalid user credentials supplied.",
  "responseCode" : "99"
}

Creating Monnify reserved account with payload: {'accountReference': 'subzone-olaide', 'accountName': 'olaide', 'currencyCode': 'NGN', 'contractCode': '2643173169', 'customerEmail': 'oderinubasit@gmail.com', 'customeName': 'olaide', 'preferredBanks': ['WEMA_BANK']}
Monnify reserved account Http error: 401 Client Error: Unauthorized for url: https://api.monnify.com/api/v1/bank-accounts/reserved, Response: {"error":"unauthorized","error_description":"Full authentication is required to access this resource"}
Creating Monnify reserved account with payload: {'accountReference': 'subzone-olaide', 'accountName': 'olaide', 'currencyCode': 'NGN', 'contractCode': '2643173169', 'customerEmail': 'oderinubasit@gmail.com', 'customeName': 'olaide', 'preferredBanks': ['WEMA_BANK']}
Monnify reserved account Http error: 401 Client Error: Unauthorized for url: https://api.monnify.com/api/v1/bank-accounts/reserved, Response: {"error":"unauthorized","error_description":"Full authentication is required to access this resource"}
Creating Monnify reserved account with payload: {'accountReference': 'subzone-olaide', 'accountName': 'olaide', 'currencyCode': 'NGN', 'contractCode': '2643173169', 'customerEmail': 'oderinubasit@gmail.com', 'customeName': 'olaide', 'preferredBanks': ['WEMA_BANK']}
Monnify reserved account Http error: 401 Client Error: Unauthorized for url: https://api.monnify.com/api/v1/bank-accounts/reserved, Response: {"error":"unauthorized","error_description":"Full authentication is required to access this resource"}
Creating Monnify reserved account with payload: {'accountReference': 'subzone-olaide', 'accountName': 'olaide', 'currencyCode': 'NGN', 'contractCode': '2643173169', 'customerEmail': 'oderinubasit@gmail.com', 'customeName': 'olaide', 'preferredBanks': ['WEMA_BANK']}
Monnify reserved account Http error: 401 Client Error: Unauthorized for url: https://api.monnify.com/api/v1/bank-accounts/reserved, Response: {"error":"unauthorized","error_description":"Full authentication is required to access this resource"}
